<?xml version="1.0" encoding="UTF-8"?>
<testsuites name="jest tests" tests="150" failures="0" errors="0" time="4.075">
  <testsuite name="components/Table/util" errors="0" failures="0" skipped="0" timestamp="2023-06-20T22:07:35" time="1.398" tests="5">
    <testcase classname="components/Table/util Expect to render `defaultHeader()`" name="components/Table/util Expect to render `defaultHeader()`" time="0.024">
    </testcase>
    <testcase classname="components/Table/util Expect to render &lt;DefaultCell /&gt;" name="components/Table/util Expect to render &lt;DefaultCell /&gt;" time="0.002">
    </testcase>
    <testcase classname="components/Table/util Expect `paginationInputSize` to match when 0" name="components/Table/util Expect `paginationInputSize` to match when 0" time="0.001">
    </testcase>
    <testcase classname="components/Table/util Expect `paginationInputSize` to match when 4" name="components/Table/util Expect `paginationInputSize` to match when 4" time="0">
    </testcase>
    <testcase classname="components/Table/util Expect `paginationInputSize` to match when NaN" name="components/Table/util Expect `paginationInputSize` to match when NaN" time="0">
    </testcase>
  </testsuite>
  <testsuite name="api/useApiBase" errors="0" failures="0" skipped="0" timestamp="2023-06-20T22:07:35" time="1.567" tests="7">
    <testcase classname="api/useApiBase expect onCompleted to be called with valid API data" name="api/useApiBase expect onCompleted to be called with valid API data" time="0.041">
    </testcase>
    <testcase classname="api/useApiBase expect to output to return blank data" name="api/useApiBase expect to output to return blank data" time="0.005">
    </testcase>
    <testcase classname="api/useApiBase expect apiCall core to be called to contain sessionId" name="api/useApiBase expect apiCall core to be called to contain sessionId" time="0.006">
    </testcase>
    <testcase classname="api/useApiBase expect apiCall core to be called not contain sessionId when null" name="api/useApiBase expect apiCall core to be called not contain sessionId when null" time="0.003">
    </testcase>
    <testcase classname="api/useApiBase expect onError with error" name="api/useApiBase expect onError with error" time="0.019">
    </testcase>
    <testcase classname="api/useApiBase expect navigate to be called with 403 error" name="api/useApiBase expect navigate to be called with 403 error" time="0.013">
    </testcase>
    <testcase classname="api/useApiBase expect apiCall core to be called containined Okta Token" name="api/useApiBase expect apiCall core to be called containined Okta Token" time="0.013">
    </testcase>
  </testsuite>
  <testsuite name="pages/Customer" errors="0" failures="0" skipped="0" timestamp="2023-06-20T22:07:35" time="1.587" tests="4">
    <testcase classname="pages/Customer Expect to render loading circle when API is loading" name="pages/Customer Expect to render loading circle when API is loading" time="0.029">
    </testcase>
    <testcase classname="pages/Customer Expect to match text contents when API has a response but with undefined data" name="pages/Customer Expect to match text contents when API has a response but with undefined data" time="0.032">
    </testcase>
    <testcase classname="pages/Customer Expect to match text context when API has a response but with undefined data" name="pages/Customer Expect to match text context when API has a response but with undefined data" time="0.043">
    </testcase>
    <testcase classname="pages/Customer Expect `navigate` to be called upon clicking the &quot;View Catalog&quot; button" name="pages/Customer Expect `navigate` to be called upon clicking the &quot;View Catalog&quot; button" time="0.015">
    </testcase>
  </testsuite>
  <testsuite name="ROOT" errors="0" failures="0" skipped="0" timestamp="2023-06-20T22:07:35" time="1.622" tests="2">
    <testcase classname="ROOT Expect `render` not to be called when element is not found" name="ROOT Expect `render` not to be called when element is not found" time="0.002">
    </testcase>
    <testcase classname="ROOT Expect `render` to be called when element is found" name="ROOT Expect `render` to be called when element is found" time="0.001">
    </testcase>
  </testsuite>
  <testsuite name="Routes" errors="0" failures="0" skipped="0" timestamp="2023-06-20T22:07:35" time="1.688" tests="1">
    <testcase classname="Routes Expect route to be rendered" name="Routes Expect route to be rendered" time="0.035">
    </testcase>
  </testsuite>
  <testsuite name="components/TitleChangeInput" errors="0" failures="0" skipped="0" timestamp="2023-06-20T22:07:35" time="1.739" tests="5">
    <testcase classname="components/TitleChangeInput Expect an input to appear when the edit button is clicked" name="components/TitleChangeInput Expect an input to appear when the edit button is clicked" time="0.087">
    </testcase>
    <testcase classname="components/TitleChangeInput Expect an input to appear when the h3 div is clicked" name="components/TitleChangeInput Expect an input to appear when the h3 div is clicked" time="0.04">
    </testcase>
    <testcase classname="components/TitleChangeInput Expect a validation error message to be displayed for invalid input" name="components/TitleChangeInput Expect a validation error message to be displayed for invalid input" time="0.024">
    </testcase>
    <testcase classname="components/TitleChangeInput Expects non-error side of edit click event to be reached by this test" name="components/TitleChangeInput Expects non-error side of edit click event to be reached by this test" time="0.021">
    </testcase>
    <testcase classname="components/TitleChangeInput Expects error side of edit click event to be reached by this test" name="components/TitleChangeInput Expects error side of edit click event to be reached by this test" time="0.018">
    </testcase>
  </testsuite>
  <testsuite name="App" errors="0" failures="0" skipped="0" timestamp="2023-06-20T22:07:35" time="1.72" tests="7">
    <testcase classname="App Expect App contents to be rendered" name="App Expect App contents to be rendered" time="0.038">
    </testcase>
    <testcase classname="App Expect onAuthRequired to call navigate" name="App Expect onAuthRequired to call navigate" time="0.009">
    </testcase>
    <testcase classname="App Expect restoreOriginalUri to call navigate under undefined token" name="App Expect restoreOriginalUri to call navigate under undefined token" time="0.011">
    </testcase>
    <testcase classname="App Expect restoreOriginalUri NOT to call navigate under invalid token" name="App Expect restoreOriginalUri NOT to call navigate under invalid token" time="0.013">
    </testcase>
    <testcase classname="App Expect restoreOriginalUri NOT to call navigate under incorrect token position" name="App Expect restoreOriginalUri NOT to call navigate under incorrect token position" time="0.005">
    </testcase>
    <testcase classname="App Expect restoreOriginalUri to call navigate under valid token" name="App Expect restoreOriginalUri to call navigate under valid token" time="0.01">
    </testcase>
    <testcase classname="App Expect restoreOriginalUri to call navigate under valid unauthorized token" name="App Expect restoreOriginalUri to call navigate under valid unauthorized token" time="0.005">
    </testcase>
  </testsuite>
  <testsuite name="pages/Login" errors="0" failures="0" skipped="0" timestamp="2023-06-20T22:07:35" time="1.866" tests="11">
    <testcase classname="pages/Login Expect to be rendered" name="pages/Login Expect to be rendered" time="0.058">
    </testcase>
    <testcase classname="pages/Login Expect to be rendered as prodcution" name="pages/Login Expect to be rendered as prodcution" time="0.005">
    </testcase>
    <testcase classname="pages/Login Expect email helper text to display email required" name="pages/Login Expect email helper text to display email required" time="0.049">
    </testcase>
    <testcase classname="pages/Login Expect email helper text to display email invalid" name="pages/Login Expect email helper text to display email invalid" time="0.036">
    </testcase>
    <testcase classname="pages/Login Expect email helper text to display nothing" name="pages/Login Expect email helper text to display nothing" time="0.018">
    </testcase>
    <testcase classname="pages/Login Expect password helper text to display password required" name="pages/Login Expect password helper text to display password required" time="0.009">
    </testcase>
    <testcase classname="pages/Login Expect password helper text to display nothing" name="pages/Login Expect password helper text to display nothing" time="0.009">
    </testcase>
    <testcase classname="pages/Login Expect login failure container not to be rendered when login response is good" name="pages/Login Expect login failure container not to be rendered when login response is good" time="0.024">
    </testcase>
    <testcase classname="pages/Login Expect login failure container and then close it" name="pages/Login Expect login failure container and then close it" time="0.03">
    </testcase>
    <testcase classname="pages/Login Expect login failure container not to be rendered with exception" name="pages/Login Expect login failure container not to be rendered with exception" time="0.069">
    </testcase>
    <testcase classname="pages/Login Expect Okta sign in button is clicked" name="pages/Login Expect Okta sign in button is clicked" time="0.009">
    </testcase>
  </testsuite>
  <testsuite name="util/stringToNumber" errors="0" failures="0" skipped="0" timestamp="2023-06-20T22:07:36" time="0.384" tests="5">
    <testcase classname="util/stringToNumber expect to convert string &quot;2&quot; to number 2" name="util/stringToNumber expect to convert string &quot;2&quot; to number 2" time="0.001">
    </testcase>
    <testcase classname="util/stringToNumber expect to convert string &quot;0&quot; to number 1" name="util/stringToNumber expect to convert string &quot;0&quot; to number 1" time="0">
    </testcase>
    <testcase classname="util/stringToNumber expect to convert string &quot;0&quot; to number 1 with allowZero" name="util/stringToNumber expect to convert string &quot;0&quot; to number 1 with allowZero" time="0">
    </testcase>
    <testcase classname="util/stringToNumber expect to convert string &quot;not-a-number&quot; to number 1" name="util/stringToNumber expect to convert string &quot;not-a-number&quot; to number 1" time="0">
    </testcase>
    <testcase classname="util/stringToNumber expect to convert string &quot;not-a-number&quot; to number 1 with allowZero" name="util/stringToNumber expect to convert string &quot;not-a-number&quot; to number 1 with allowZero" time="0">
    </testcase>
  </testsuite>
  <testsuite name="api/useApiOnMount" errors="0" failures="0" skipped="0" timestamp="2023-06-20T22:07:36" time="0.824" tests="6">
    <testcase classname="api/useApiOnMount expect falsey data if skip is true" name="api/useApiOnMount expect falsey data if skip is true" time="0.021">
    </testcase>
    <testcase classname="api/useApiOnMount expect truthy data" name="api/useApiOnMount expect truthy data" time="0.023">
    </testcase>
    <testcase classname="api/useApiOnMount expect to falsey data with auth when sessionId is null" name="api/useApiOnMount expect to falsey data with auth when sessionId is null" time="0.006">
    </testcase>
    <testcase classname="api/useApiOnMount expect to truthy data with auth and sessionId" name="api/useApiOnMount expect to truthy data with auth and sessionId" time="0.005">
    </testcase>
    <testcase classname="api/useApiOnMount expect to falsey data with null response" name="api/useApiOnMount expect to falsey data with null response" time="0.01">
    </testcase>
    <testcase classname="api/useApiOnMount expect to refetch to populated data" name="api/useApiOnMount expect to refetch to populated data" time="0.005">
    </testcase>
  </testsuite>
  <testsuite name="pages/Catalog" errors="0" failures="0" skipped="0" timestamp="2023-06-20T22:07:35" time="2.292" tests="8">
    <testcase classname="pages/Catalog Expect to match data by default" name="pages/Catalog Expect to match data by default" time="0.117">
    </testcase>
    <testcase classname="pages/Catalog Expect loader component is rendered when loading" name="pages/Catalog Expect loader component is rendered when loading" time="0.039">
    </testcase>
    <testcase classname="pages/Catalog Expect match data with populated data" name="pages/Catalog Expect match data with populated data" time="0.115">
    </testcase>
    <testcase classname="pages/Catalog Expect match data with populated data but 1 row" name="pages/Catalog Expect match data with populated data but 1 row" time="0.027">
    </testcase>
    <testcase classname="pages/Catalog Expect functions to be called when next pagination is pressed" name="pages/Catalog Expect functions to be called when next pagination is pressed" time="0.057">
    </testcase>
    <testcase classname="pages/Catalog Expect functions to be called when previous pagination is pressed" name="pages/Catalog Expect functions to be called when previous pagination is pressed" time="0.11">
    </testcase>
    <testcase classname="pages/Catalog Expect refetch is called when onChangeValue is triggered" name="pages/Catalog Expect refetch is called when onChangeValue is triggered" time="0.088">
    </testcase>
    <testcase classname="pages/Catalog Expect onSubmit to be called when the form is exited by blur" name="pages/Catalog Expect onSubmit to be called when the form is exited by blur" time="0.109">
    </testcase>
  </testsuite>
  <testsuite name="pages/Home" errors="0" failures="0" skipped="0" timestamp="2023-06-20T22:07:36" time="0.742" tests="3">
    <testcase classname="pages/Home Expect to render Home when API is loading" name="pages/Home Expect to render Home when API is loading" time="0.041">
    </testcase>
    <testcase classname="pages/Home Expect to render no results when API returns empty data" name="pages/Home Expect to render no results when API returns empty data" time="0.018">
    </testcase>
    <testcase classname="pages/Home Expect to match table row counts with API data" name="pages/Home Expect to match table row counts with API data" time="0.032">
    </testcase>
  </testsuite>
  <testsuite name="components/Table" errors="0" failures="0" skipped="0" timestamp="2023-06-20T22:07:36" time="0.647" tests="5">
    <testcase classname="components/Table Expect to match rows count when data rendered to the table" name="components/Table Expect to match rows count when data rendered to the table" time="0.017">
    </testcase>
    <testcase classname="components/Table Expect to render the loading circle when table is loading" name="components/Table Expect to render the loading circle when table is loading" time="0.006">
    </testcase>
    <testcase classname="components/Table Expect to render &quot;empty&quot; when table data is empty" name="components/Table Expect to render &quot;empty&quot; when table data is empty" time="0.013">
    </testcase>
    <testcase classname="components/Table Expect pagination to be rendered to the table" name="components/Table Expect pagination to be rendered to the table" time="0.02">
    </testcase>
    <testcase classname="components/Table Expect itemCount to be rendered to the table" name="components/Table Expect itemCount to be rendered to the table" time="0.015">
    </testcase>
  </testsuite>
  <testsuite name="components/Pagination" errors="0" failures="0" skipped="0" timestamp="2023-06-20T22:07:36" time="0.701" tests="11">
    <testcase classname="components/Pagination Expect to match text and disable state on default" name="components/Pagination Expect to match text and disable state on default" time="0.038">
    </testcase>
    <testcase classname="components/Pagination Expect to match text and disable state on filled custom values" name="components/Pagination Expect to match text and disable state on filled custom values" time="0.003">
    </testcase>
    <testcase classname="components/Pagination Expect `onChange` is called when previous button is pressed with updated value" name="components/Pagination Expect `onChange` is called when previous button is pressed with updated value" time="0.016">
    </testcase>
    <testcase classname="components/Pagination Expect `onChange` is called when next button is pressed with updated value" name="components/Pagination Expect `onChange` is called when next button is pressed with updated value" time="0.014">
    </testcase>
    <testcase classname="components/Pagination Expect `onChange` is called when to update input" name="components/Pagination Expect `onChange` is called when to update input" time="0.01">
    </testcase>
    <testcase classname="components/Pagination Expect `onChange` is NOT called when to update input with the same value" name="components/Pagination Expect `onChange` is NOT called when to update input with the same value" time="0.008">
    </testcase>
    <testcase classname="components/Pagination Expect `onChange` is called with 1 when input is a letter" name="components/Pagination Expect `onChange` is called with 1 when input is a letter" time="0.008">
    </testcase>
    <testcase classname="components/Pagination Expect `onChange` is called with 1 when input is blank" name="components/Pagination Expect `onChange` is called with 1 when input is blank" time="0.005">
    </testcase>
    <testcase classname="components/Pagination Expect `onChange` is called with out of bound input" name="components/Pagination Expect `onChange` is called with out of bound input" time="0.006">
    </testcase>
    <testcase classname="components/Pagination Expect `onChange` NOT called with out of bound input on the highest page" name="components/Pagination Expect `onChange` NOT called with out of bound input on the highest page" time="0.004">
    </testcase>
    <testcase classname="components/Pagination Expect `onChange` is called with Enter" name="components/Pagination Expect `onChange` is called with Enter" time="0.019">
    </testcase>
  </testsuite>
  <testsuite name="components/Input" errors="0" failures="0" skipped="0" timestamp="2023-06-20T22:07:36" time="0.696" tests="8">
    <testcase classname="components/Input Expect to be rendered under default settings" name="components/Input Expect to be rendered under default settings" time="0.029">
    </testcase>
    <testcase classname="components/Input Expect to be disabled" name="components/Input Expect to be disabled" time="0.003">
    </testcase>
    <testcase classname="components/Input Expect label to be rendered" name="components/Input Expect label to be rendered" time="0.003">
    </testcase>
    <testcase classname="components/Input Expect className to contain error styling with error status" name="components/Input Expect className to contain error styling with error status" time="0.004">
    </testcase>
    <testcase classname="components/Input Expect loader icon when loading" name="components/Input Expect loader icon when loading" time="0.004">
    </testcase>
    <testcase classname="components/Input Expect end icon to be rendered" name="components/Input Expect end icon to be rendered" time="0.002">
    </testcase>
    <testcase classname="components/Input Expect type is password by default" name="components/Input Expect type is password by default" time="0.009">
    </testcase>
    <testcase classname="components/Input Expect type is text when show password is clicked" name="components/Input Expect type is text when show password is clicked" time="0.017">
    </testcase>
  </testsuite>
  <testsuite name="pages/Catalog/UploadModal" errors="0" failures="0" skipped="0" timestamp="2023-06-20T22:07:36" time="0.787" tests="11">
    <testcase classname="pages/Catalog/UploadModal Expect to render components on default" name="pages/Catalog/UploadModal Expect to render components on default" time="0.046">
    </testcase>
    <testcase classname="pages/Catalog/UploadModal Expect to render modal components upon clicking the upload button" name="pages/Catalog/UploadModal Expect to render modal components upon clicking the upload button" time="0.013">
    </testcase>
    <testcase classname="pages/Catalog/UploadModal Expect to upload file with normal response" name="pages/Catalog/UploadModal Expect to upload file with normal response" time="0.008">
    </testcase>
    <testcase classname="pages/Catalog/UploadModal Expect to upload fike with error response" name="pages/Catalog/UploadModal Expect to upload fike with error response" time="0.007">
    </testcase>
    <testcase classname="pages/Catalog/UploadModal Expect to upload file with network error response" name="pages/Catalog/UploadModal Expect to upload file with network error response" time="0.02">
    </testcase>
    <testcase classname="pages/Catalog/UploadModal Expect uploaded item count while uploading and then deleting file" name="pages/Catalog/UploadModal Expect uploaded item count while uploading and then deleting file" time="0.007">
    </testcase>
    <testcase classname="pages/Catalog/UploadModal Expect uploaded item count while uploading but file deletion returns error" name="pages/Catalog/UploadModal Expect uploaded item count while uploading but file deletion returns error" time="0.013">
    </testcase>
    <testcase classname="pages/Catalog/UploadModal Expect uploaded item count while uploading with error and then deleting file (no delete API Call)" name="pages/Catalog/UploadModal Expect uploaded item count while uploading with error and then deleting file (no delete API Call)" time="0.018">
    </testcase>
    <testcase classname="pages/Catalog/UploadModal Expect closing modal not to call refresh" name="pages/Catalog/UploadModal Expect closing modal not to call refresh" time="0.016">
    </testcase>
    <testcase classname="pages/Catalog/UploadModal Expect closing modal not to call refresh with only error file upload" name="pages/Catalog/UploadModal Expect closing modal not to call refresh with only error file upload" time="0.019">
    </testcase>
    <testcase classname="pages/Catalog/UploadModal Expect closing modal call refresh with only error file upload" name="pages/Catalog/UploadModal Expect closing modal call refresh with only error file upload" time="0.011">
    </testcase>
  </testsuite>
  <testsuite name="api/useApiMutation" errors="0" failures="0" skipped="0" timestamp="2023-06-20T22:07:37" time="0.626" tests="4">
    <testcase classname="api/useApiMutation expect onCompleted to be called with valid API data" name="api/useApiMutation expect onCompleted to be called with valid API data" time="0.024">
    </testcase>
    <testcase classname="api/useApiMutation expect to output to return blank data" name="api/useApiMutation expect to output to return blank data" time="0.002">
    </testcase>
    <testcase classname="api/useApiMutation expect apiCall core to be called to contain sessionId" name="api/useApiMutation expect apiCall core to be called to contain sessionId" time="0.003">
    </testcase>
    <testcase classname="api/useApiMutation expect apiCall core to be called not contain sessionId when null" name="api/useApiMutation expect apiCall core to be called not contain sessionId when null" time="0.009">
    </testcase>
  </testsuite>
  <testsuite name="components/SearchInput" errors="0" failures="0" skipped="0" timestamp="2023-06-20T22:07:37" time="0.723" tests="6">
    <testcase classname="components/SearchInput Expect to be rendered under default settings" name="components/SearchInput Expect to be rendered under default settings" time="0.022">
    </testcase>
    <testcase classname="components/SearchInput Expect input and button to be disabled" name="components/SearchInput Expect input and button to be disabled" time="0.014">
    </testcase>
    <testcase classname="components/SearchInput Expect label to be rendered" name="components/SearchInput Expect label to be rendered" time="0.002">
    </testcase>
    <testcase classname="components/SearchInput Expect className to contain error styling with error status" name="components/SearchInput Expect className to contain error styling with error status" time="0.005">
    </testcase>
    <testcase classname="components/SearchInput Expect loader icon when loading" name="components/SearchInput Expect loader icon when loading" time="0.003">
    </testcase>
    <testcase classname="components/SearchInput Expect function to be called with search" name="components/SearchInput Expect function to be called with search" time="0.015">
    </testcase>
  </testsuite>
  <testsuite name="components/ConditionalWrapper" errors="0" failures="0" skipped="0" timestamp="2023-06-20T22:07:37" time="0.274" tests="2">
    <testcase classname="components/ConditionalWrapper Expect wrapper NOT to be rendered when false" name="components/ConditionalWrapper Expect wrapper NOT to be rendered when false" time="0.009">
    </testcase>
    <testcase classname="components/ConditionalWrapper Expect wrapper NOT to be rendered when true" name="components/ConditionalWrapper Expect wrapper NOT to be rendered when true" time="0.01">
    </testcase>
  </testsuite>
  <testsuite name="components/Modal" errors="0" failures="0" skipped="0" timestamp="2023-06-20T22:07:37" time="0.581" tests="4">
    <testcase classname="components/Modal expect modal not to be rendered when open is false" name="components/Modal expect modal not to be rendered when open is false" time="0.011">
    </testcase>
    <testcase classname="components/Modal expect modal to be rendered when open is true" name="components/Modal expect modal to be rendered when open is true" time="0.006">
    </testcase>
    <testcase classname="components/Modal expect onClose to be called when close button is clicked" name="components/Modal expect onClose to be called when close button is clicked" time="0.014">
    </testcase>
    <testcase classname="components/Modal expect onClose to be called when background is clicked" name="components/Modal expect onClose to be called when background is clicked" time="0.003">
    </testcase>
  </testsuite>
  <testsuite name="common/LoadingIcon" errors="0" failures="0" skipped="0" timestamp="2023-06-20T22:07:37" time="0.251" tests="3">
    <testcase classname="common/LoadingIcon Expect to match size classname as default" name="common/LoadingIcon Expect to match size classname as default" time="0.029">
    </testcase>
    <testcase classname="common/LoadingIcon Expect to match classname for different size from keys of `loadingIconSizes`" name="common/LoadingIcon Expect to match classname for different size from keys of `loadingIconSizes`" time="0.002">
    </testcase>
    <testcase classname="common/LoadingIcon Expect to match classname for numbered size" name="common/LoadingIcon Expect to match classname for numbered size" time="0.013">
    </testcase>
  </testsuite>
  <testsuite name="components/Button" errors="0" failures="0" skipped="0" timestamp="2023-06-20T22:07:37" time="0.295" tests="5">
    <testcase classname="components/Button Expect to be rendered under default settings" name="components/Button Expect to be rendered under default settings" time="0.044">
    </testcase>
    <testcase classname="components/Button Expect button to be disabled when loading" name="components/Button Expect button to be disabled when loading" time="0.003">
    </testcase>
    <testcase classname="components/Button Expect icon not be rendered when iconPosition is not set" name="components/Button Expect icon not be rendered when iconPosition is not set" time="0.003">
    </testcase>
    <testcase classname="components/Button Expect icon not be rendered when iconPosition is set as left" name="components/Button Expect icon not be rendered when iconPosition is set as left" time="0.003">
    </testcase>
    <testcase classname="components/Button Expect icon not be rendered when iconPosition is set as right" name="components/Button Expect icon not be rendered when iconPosition is set as right" time="0.002">
    </testcase>
  </testsuite>
  <testsuite name="providers/AuthProvider" errors="0" failures="0" skipped="0" timestamp="2023-06-20T22:07:37" time="0.615" tests="4">
    <testcase classname="providers/AuthProvider Expect to have empty value by default and navigate is called" name="providers/AuthProvider Expect to have empty value by default and navigate is called" time="0.02">
    </testcase>
    <testcase classname="providers/AuthProvider Expect navigate NOT to be called when the pathname is already set as &quot;/login&quot;" name="providers/AuthProvider Expect navigate NOT to be called when the pathname is already set as &quot;/login&quot;" time="0.002">
    </testcase>
    <testcase classname="providers/AuthProvider Expect to update sessionId" name="providers/AuthProvider Expect to update sessionId" time="0.008">
    </testcase>
    <testcase classname="providers/AuthProvider Expect to call login" name="providers/AuthProvider Expect to call login" time="0.005">
    </testcase>
  </testsuite>
  <testsuite name="API/core" errors="0" failures="0" skipped="0" timestamp="2023-06-20T22:07:37" time="0.215" tests="3">
    <testcase classname="API/core Expect apiCall to repond GET request" name="API/core Expect apiCall to repond GET request" time="0.001">
    </testcase>
    <testcase classname="API/core Expect apiCall to repond POST request" name="API/core Expect apiCall to repond POST request" time="0">
    </testcase>
    <testcase classname="API/core Expect apiCall to repond DELETE request" name="API/core Expect apiCall to repond DELETE request" time="0.001">
    </testcase>
  </testsuite>
  <testsuite name="common/Container" errors="0" failures="0" skipped="0" timestamp="2023-06-20T22:07:37" time="0.515" tests="1">
    <testcase classname="common/Container expect to render container and its child component" name="common/Container expect to render container and its child component" time="0.015">
    </testcase>
  </testsuite>
  <testsuite name="components/Image" errors="0" failures="0" skipped="0" timestamp="2023-06-20T22:07:37" time="0.529" tests="2">
    <testcase classname="components/Image Expect to be rendered under default settings" name="components/Image Expect to be rendered under default settings" time="0.016">
    </testcase>
    <testcase classname="components/Image Expect src to be error when error is triggered" name="components/Image Expect src to be error when error is triggered" time="0.008">
    </testcase>
  </testsuite>
  <testsuite name="util/generateQueryParam" errors="0" failures="0" skipped="0" timestamp="2023-06-20T22:07:38" time="0.162" tests="2">
    <testcase classname="util/generateQueryParam Expect to only return URL when parameter is blank" name="util/generateQueryParam Expect to only return URL when parameter is blank" time="0.002">
    </testcase>
    <testcase classname="util/generateQueryParam Expect return URL and parameters" name="util/generateQueryParam Expect return URL and parameters" time="0">
    </testcase>
  </testsuite>
  <testsuite name="util/fileProcessor" errors="0" failures="0" skipped="0" timestamp="2023-06-20T22:07:38" time="0.159" tests="3">
    <testcase classname="util/fileProcessor Expect `convertFileList` to return blank array with blank input" name="util/fileProcessor Expect `convertFileList` to return blank array with blank input" time="0.002">
    </testcase>
    <testcase classname="util/fileProcessor Expect `convertFileList` to return formatted file" name="util/fileProcessor Expect `convertFileList` to return formatted file" time="0.002">
    </testcase>
    <testcase classname="util/fileProcessor Expect `convertFileList` to throw error" name="util/fileProcessor Expect `convertFileList` to throw error" time="0.001">
    </testcase>
  </testsuite>
  <testsuite name="common/Sidebar" errors="0" failures="0" skipped="0" timestamp="2023-06-20T22:07:37" time="0.579" tests="4">
    <testcase classname="common/Sidebar Expect the sidebar component NOT to be rendered when session is invalid" name="common/Sidebar Expect the sidebar component NOT to be rendered when session is invalid" time="0.027">
    </testcase>
    <testcase classname="common/Sidebar Expect the sidebar component NOT to be rendered in the login page" name="common/Sidebar Expect the sidebar component NOT to be rendered in the login page" time="0.002">
    </testcase>
    <testcase classname="common/Sidebar Expect the sidebar component to be rendered" name="common/Sidebar Expect the sidebar component to be rendered" time="0.007">
    </testcase>
    <testcase classname="common/Sidebar Expect navigate to be called when sidebar menu is clicked" name="common/Sidebar Expect navigate to be called when sidebar menu is clicked" time="0.009">
    </testcase>
  </testsuite>
  <testsuite name="components/FileUpload" errors="0" failures="0" skipped="0" timestamp="2023-06-20T22:07:37" time="0.641" tests="8">
    <testcase classname="components/FileUpload Expect component to render text by default" name="components/FileUpload Expect component to render text by default" time="0.02">
    </testcase>
    <testcase classname="components/FileUpload Expect loading icon to be rendered when loading" name="components/FileUpload Expect loading icon to be rendered when loading" time="0.004">
    </testcase>
    <testcase classname="components/FileUpload Expect component to have highlight background class with a dragged file" name="components/FileUpload Expect component to have highlight background class with a dragged file" time="0.02">
    </testcase>
    <testcase classname="components/FileUpload Expect component NOT include highlight background class with no dragged file" name="components/FileUpload Expect component NOT include highlight background class with no dragged file" time="0.004">
    </testcase>
    <testcase classname="components/FileUpload Expect component to remove highlight background class with a dragged file" name="components/FileUpload Expect component to remove highlight background class with a dragged file" time="0.04">
    </testcase>
    <testcase classname="components/FileUpload Expect `onSelectingFiles` is called when dropping a file" name="components/FileUpload Expect `onSelectingFiles` is called when dropping a file" time="0.01">
    </testcase>
    <testcase classname="components/FileUpload Expect not to call `onSelectingFiles` when dropping a file while loading" name="components/FileUpload Expect not to call `onSelectingFiles` when dropping a file while loading" time="0.017">
    </testcase>
    <testcase classname="components/FileUpload Expect to call `onSelectingFiles` when click to select a file" name="components/FileUpload Expect to call `onSelectingFiles` when click to select a file" time="0.015">
    </testcase>
  </testsuite>
</testsuites>